// Jest Snapshot v1, https://goo.gl/fbAQLP

exports[`CATEGORY CARD IMAGE COMPONENT snapchat correctly 1`] = `
ShallowWrapper {
  Symbol(enzyme.__root__): [Circular],
  Symbol(enzyme.__unrendered__): <CardImage
    item={
      Object {
        "closed": true,
        "label": "label",
        "sleepIcon": "https://img.icons8.com/ios/26/000000/search-filled.png",
      }
    }
  />,
  Symbol(enzyme.__renderer__): Object {
    "batchedUpdates": [Function],
    "checkPropTypes": [Function],
    "getNode": [Function],
    "render": [Function],
    "simulateError": [Function],
    "simulateEvent": [Function],
    "unmount": [Function],
  },
  Symbol(enzyme.__node__): Object {
    "instance": null,
    "key": undefined,
    "nodeType": "function",
    "props": Object {
      "alt": "Category label image",
      "as": "img",
      "src": "https://img.icons8.com/ios/26/000000/search-filled.png",
      "variant": "top",
    },
    "ref": null,
    "rendered": null,
    "type": Object {
      "$$typeof": Symbol(react.forward_ref),
      "attrs": Array [],
      "componentStyle": ComponentStyle {
        "componentId": "sc-bZQynM",
        "isStatic": true,
        "rules": Array [
          "
    height: 170px;
    position: relative;
    object-fit: cover;
",
        ],
      },
      "defaultProps": Object {
        "as": "img",
        "variant": null,
      },
      "displayName": "CategoryCardImageWrapper",
      "foldedComponentIds": Array [],
      "render": [Function],
      "styledComponentId": "sc-bZQynM",
      "target": Object {
        "$$typeof": Symbol(react.forward_ref),
        "defaultProps": Object {
          "as": "img",
          "variant": null,
        },
        "displayName": "CardImg",
        "render": [Function],
      },
      "toString": [Function],
      "warnTooManyClasses": [Function],
      "withComponent": [Function],
    },
  },
  Symbol(enzyme.__nodes__): Array [
    Object {
      "instance": null,
      "key": undefined,
      "nodeType": "function",
      "props": Object {
        "alt": "Category label image",
        "as": "img",
        "src": "https://img.icons8.com/ios/26/000000/search-filled.png",
        "variant": "top",
      },
      "ref": null,
      "rendered": null,
      "type": Object {
        "$$typeof": Symbol(react.forward_ref),
        "attrs": Array [],
        "componentStyle": ComponentStyle {
          "componentId": "sc-bZQynM",
          "isStatic": true,
          "rules": Array [
            "
    height: 170px;
    position: relative;
    object-fit: cover;
",
          ],
        },
        "defaultProps": Object {
          "as": "img",
          "variant": null,
        },
        "displayName": "CategoryCardImageWrapper",
        "foldedComponentIds": Array [],
        "render": [Function],
        "styledComponentId": "sc-bZQynM",
        "target": Object {
          "$$typeof": Symbol(react.forward_ref),
          "defaultProps": Object {
            "as": "img",
            "variant": null,
          },
          "displayName": "CardImg",
          "render": [Function],
        },
        "toString": [Function],
        "warnTooManyClasses": [Function],
        "withComponent": [Function],
      },
    },
  ],
  Symbol(enzyme.__options__): Object {
    "adapter": ReactSixteenAdapter {
      "options": Object {
        "enableComponentDidUpdateOnSetState": true,
        "legacyContextMode": "parent",
        "lifecycles": Object {
          "componentDidUpdate": Object {
            "onSetState": true,
          },
          "getChildContext": Object {
            "calledByRenderer": false,
          },
          "getDerivedStateFromError": true,
          "getDerivedStateFromProps": Object {
            "hasShouldComponentUpdateBug": false,
          },
          "getSnapshotBeforeUpdate": true,
          "setState": Object {
            "skipsComponentDidUpdateOnNullish": true,
          },
        },
      },
    },
  },
}
`;
